// Jest Snapshot v1, https://goo.gl/fbAQLP

exports[`renders header component 1`] = `
<DocumentFragment>
  <header
    class="header"
  >
    <div
      class="logo-view"
    >
      <a
        href="/"
      >
        <img
          alt="Dev World Logo"
          class="logo-header"
          src="logo.svg"
        />
      </a>
      <p
        class="title"
        data-testid="header-title"
      >
        Title
      </p>
    </div>
    <menu>
      <a
        class="link"
        data-testid="nav-about"
        href="/about"
      >
        About
      </a>
      <a
        class="link"
        data-testid="nav-login"
        href="/login"
      >
        Login
      </a>
    </menu>
  </header>
</DocumentFragment>
`;
