// Jest Snapshot v1, https://goo.gl/fbAQLP

exports[`renders layout component 1`] = `
<DocumentFragment>
  <div
    class="wrapper"
  >
    <header
      class="header"
    >
      <img
        alt="Healthify Logo"
        class="logo-header"
        src="logo.png"
      />
      <p
        class="title"
        data-testid="header-title"
      />
    </header>
    <main
      class="container"
    />
  </div>
</DocumentFragment>
`;
